[INFO] Scanning for projects...
[INFO] 
[INFO] ------------------------< com.example:problem2 >------------------------
[INFO] Building problem2 1.0-SNAPSHOT
[INFO]   from pom.xml
[INFO] --------------------------------[ jar ]---------------------------------
[INFO] 
[INFO] --- jacoco:0.8.11:prepare-agent (default) @ problem2 ---
[INFO] argLine set to -javaagent:C:\\Users\\Jon\\.m2\\repository\\org\\jacoco\\org.jacoco.agent\\0.8.11\\org.jacoco.agent-0.8.11-runtime.jar=destfile=C:\\Users\\Jon\\Desktop\\school\\Spring2026\\SE4900\\SE4900-Learning-Sprint-3-Problem-2\\target\\jacoco.exec
[INFO] 
[INFO] --- resources:3.4.0:resources (default-resources) @ problem2 ---
[INFO] skip non existing resourceDirectory C:\Users\Jon\Desktop\school\Spring2026\SE4900\SE4900-Learning-Sprint-3-Problem-2\src\main\resources
[INFO] 
[INFO] --- compiler:3.11.0:compile (default-compile) @ problem2 ---
[INFO] Nothing to compile - all classes are up to date
[INFO] 
[INFO] --- resources:3.4.0:testResources (default-testResources) @ problem2 ---
[INFO] skip non existing resourceDirectory C:\Users\Jon\Desktop\school\Spring2026\SE4900\SE4900-Learning-Sprint-3-Problem-2\src\test\resources
[INFO] 
[INFO] --- compiler:3.11.0:testCompile (default-testCompile) @ problem2 ---
[INFO] Nothing to compile - all classes are up to date
[INFO] 
[INFO] --- surefire:3.0.0-M7:test (default-test) @ problem2 ---
[INFO] Using auto detected provider org.apache.maven.surefire.junitplatform.JUnitPlatformProvider
[INFO] 
[INFO] -------------------------------------------------------
[INFO]  T E S T S
[INFO] -------------------------------------------------------
[INFO] Running com.example.SensorDataProcessorTest
Error= java.io.FileNotFoundException: RacingStatsData.txt (Access is denied)
[INFO] Tests run: 8, Failures: 0, Errors: 0, Skipped: 0, Time elapsed: 0.051 s - in com.example.SensorDataProcessorTest
[INFO] 
[INFO] Results:
[INFO] 
[INFO] Tests run: 8, Failures: 0, Errors: 0, Skipped: 0
[INFO] 
[INFO] 
[INFO] --- jacoco:0.8.11:report (report) @ problem2 ---
[INFO] Loading execution data file C:\Users\Jon\Desktop\school\Spring2026\SE4900\SE4900-Learning-Sprint-3-Problem-2\target\jacoco.exec
[INFO] Analyzed bundle 'problem2' with 1 classes
[INFO] ------------------------------------------------------------------------
[INFO] BUILD SUCCESS
[INFO] ------------------------------------------------------------------------
[INFO] Total time:  1.436 s
[INFO] Finished at: 2026-03-26T17:42:02-05:00
[INFO] ------------------------------------------------------------------------
